<html>
<head>
	<title>You Always Look Relatively Fine</title>

	<link type="text/css" rel="stylesheet" href="../assets/file.css">
	<link type="text/css" rel="stylesheet" href="../assets/otherfile.css">
	<link type="text/css" rel="stylesheet" href="secretfile.css">
</head>
</html>
