<html>
<head>
	<title>You Always Look Relatively Fine</title>

	<script src="../assets/file.js"></script>
	<script src="../assets/otherfile.js"></script>
	<script src="secretfile.js"></script>
</head>
</html>
