<html>
<head>
	<title>You Always Look Fine</title>

	<link type="text/css" rel="stylesheet" href="/assets/file.css">
	<link type="text/css" rel="stylesheet" href="/assets/otherfile.css">
</head>
</html>
