<html>
<head>
	<title>You Always Look Fine</title>

	<link type="text/css" rel="stylesheet" href="http://place.org/assets/file.css">
	<link type="text/css" rel="stylesheet" href="https://place.org/assets/file.css">
	<link type="text/css" rel="stylesheet" href="//place.org/assets/file.css">
</head>
</html>
