<html>
<head>
	<title>You Always Look Fine</title>

	<script src="/test/fixtures/assets/file.js"></script>
	<link rel="stylesheet" href="/test/fixtures/assets/file.css">
</head>
</html>
