<html>
<head>
	<title>You Always Look Fine</title>

	<script src="/assets/file.js"></script>
	<script src="/assets/otherfile.js"></script>
</head>
</html>
