<html>
<head>
	<title>You Always Look Fine</title>

	<script></script>
</head>
</html>
