<html>
<head>
	<title>You Always Look Fine</title>

	<script>
		var b = 1;
	</script>
</head>
</html>
