<html>
<head>
	<title>You Always Look Not That Fine</title>

      <SCRIPT SRC="/assets/file.js"></script>
      <SCRIPT SRC="/assets/otherfile.js"></script> <script src = /assets/file.js></script>
 <script src = /assets/otherfile.js></script><script src='/assets/file.js' type="text/javascript"></script>

<link href = /assets/otherfile.css >
 		 <LINK href="/assets/file.css" rel="stylesheet" TYPE=text/css>
 		 <LINK href="/assets/otherfile.css" rel="stylesheet" TYPE=text/css>
</head>
</html>
