<html>
<head>
	<title>You Always Look Fine</title>

	<script src="/assets/file.js"></script>
	<script src="/assets/otherfile.js"></script>
	<link rel="stylesheet" href="/assets/file.js">
	<link rel="stylesheet" href="/assets/otherfile.js">
</head>
</html>
